I'm sorry, but errors were detected in your script. Please correct the
errors listed below, and try again.


File "game/screens.rpy", line 369: u'xpos' is not a keyword argument or valid child for the screen statement.
    xpos 0.5 ypos 0.5
        ^

Ren'Py Version: Ren'Py 7.3.2.320
Mon Aug 26 11:54:21 2019
